--- SMS Webhook Logic Verification ---
Setting up test data for message test-msg-1772478588144...
Initializing database...
Γ£ô Database initialized
Γ£ô Inserted into sms_send_log
Γ¥î Database query error: error: new row for relation "sms_messages" violates check constraint "sms_messages_status_check"
    at C:\Development\NewProj\Membership-newV2\backend\node_modules\pg\lib\client.js:545:17
    at processTicksAndRejections (node:internal/process/task_queues:103:5)
    at async executeQuery (C:\Development\NewProj\Membership-newV2\backend\src\config\database-hybrid.ts:154:20)
    at async verifyWebhook (C:\Development\NewProj\Membership-newV2\backend\scripts\verify-sms-webhook-logic.ts:30:9) {
  length: 450,
  severity: 'ERROR',
  code: '23514',
  detail: 'Failing row contains (1, null, null, null, null, 27123456789, Verification Test Message, EFF, sent, null, null, null, null, test-msg-1772478588144, null, null, 0.0000, ZAR, null, null, 0, 3, 2026-03-02 21:09:49.274446, 2026-03-02 21:09:49.274446).',
  hint: undefined,
  position: undefined,
  internalPosition: undefined,
  internalQuery: undefined,
  where: undefined,
  schema: 'public',
  table: 'sms_messages',
  column: undefined,
  dataType: undefined,
  constraint: 'sms_messages_status_check',
  file: 'execMain.c',
  line: '2057',
  routine: 'ExecConstraints'
}
Query: 
            INSERT INTO sms_messages (recipient_number, message_text, status, provider_message_id, created_at)
            VALUES ('27123456789', 'Verification Test Message', 'sent', $1, CURRENT_TIMESTAMP)
        
Params: [ 'test-msg-1772478588144' ]
Γ¥î Verification failed: new row for relation "sms_messages" violates check constraint "sms_messages_status_check"
error: new row for relation "sms_messages" violates check constraint "sms_messages_status_check"
    at C:\Development\NewProj\Membership-newV2\backend\node_modules\pg\lib\client.js:545:17
    at processTicksAndRejections (node:internal/process/task_queues:103:5)
    at async executeQuery (C:\Development\NewProj\Membership-newV2\backend\src\config\database-hybrid.ts:154:20)
    at async verifyWebhook (C:\Development\NewProj\Membership-newV2\backend\scripts\verify-sms-webhook-logic.ts:30:9)
